
added 131 packages in 10s


(!) Some chunks are larger than 500 kB after minification. Consider:
- Using dynamic import() to code-split the application
- Use build.rollupOptions.output.manualChunks to improve chunking: https://rollupjs.org/configuration-options/#output-manualchunks
- Adjust chunk size limit for this warning via build.chunkSizeWarningLimit.

> ingradient-storybook-smoke-consumer@0.1.0 build
> tsc && vite build

vite v5.4.21 building for production...
transforming...
✓ 3293 modules transformed.
rendering chunks...
computing gzip size...
dist/index.html                                     0.42 kB │ gzip:   0.28 kB
dist/assets/favicon-B1dCeDrM.ico                    4.29 kB
dist/assets/ingradient_logo_l_white-C7naFZIu.png    4.65 kB
dist/assets/index-DFwK6mpV.css                     36.31 kB │ gzip:   6.01 kB
dist/assets/index-ApeSM6im.js                     688.99 kB │ gzip: 179.72 kB
✓ built in 4.68s

Packed consumer passed: @ingradient/ui, @ingradient/platform-pages, @ingradient/edge-pages
CONSUMER_DIR=/var/folders/hj/1zf6s4n54db4j_qr1hqv9p2m0000gn/T/ingradient-packed-sYcjiq/consumer
